[2026-09-13 16:05:46][INFO] =================== 啟動大規模機票自動監測引擎 ===================
[2026-09-13 16:05:47][INFO] ✈️ 開始航線任務: TPE -> KMQ (未來 5 天)
[2026-09-13 16:06:13][INFO] [1/5] TPE->KMQ | 2026-09-14 ~ 2026-09-21
  ↳ [最低價]: 台幣 $16,264(含稅) | (去) 長榮航空 BR 158 直達 AM 6:35 ~ AM 10:25 | (回) 長榮航空 BR 157 直達 AM 11:45 ~ PM 1:55 | [去程行李: 免費攜帶 1 件手提行李、第 1 件託運行李免費] [回程行李: 免費攜帶 1 件手提行李、第 1 件託運行李免費]
  ↳ [最佳方案]: 最佳方案與最低價相同
[2026-09-13 16:06:48][INFO] [2/5] TPE->KMQ | 2026-09-15 ~ 2026-09-22
  ↳ [最低價]: 台幣 $16,264(含稅) | (去) 長榮航空 BR 158 直達 AM 6:35 ~ AM 10:25 | (回) 長榮航空 BR 157 直達 AM 11:45 ~ PM 1:55 | [去程行李: 免費攜帶 1 件手提行李、第 1 件託運行李免費] [回程行李: 免費攜帶 1 件手提行李、第 1 件託運行李免費]
  ↳ [最佳方案]: 最佳方案與最低價相同
[2026-09-13 16:07:17][INFO] [3/5] TPE->KMQ | 2026-09-16 ~ 2026-09-23
  ↳ [最低價]: 台幣 $16,264(含稅) | (去) 長榮航空 BR 158 直達 AM 6:35 ~ AM 10:25 | (回) 長榮航空 BR 157 直達 AM 11:45 ~ PM 1:55 | [去程行李: 免費攜帶 1 件手提行李、第 1 件託運行李免費] [回程行李: 免費攜帶 1 件手提行李、第 1 件託運行李免費]
  ↳ [最佳方案]: 最佳方案與最低價相同
[2026-09-13 16:07:47][INFO] [4/5] TPE->KMQ | 2026-09-17 ~ 2026-09-24
  ↳ [最低價]: 台幣 $16,264(含稅) | (去) 長榮航空 BR 158 直達 AM 6:35 ~ AM 10:25 | (回) 長榮航空 BR 157 直達 AM 11:45 ~ PM 1:55 | [去程行李: 免費攜帶 1 件手提行李、第 1 件託運行李免費] [回程行李: 免費攜帶 1 件手提行李、第 1 件託運行李免費]
  ↳ [最佳方案]: 最佳方案與最低價相同
[2026-09-13 16:08:18][INFO] [5/5] TPE->KMQ | 2026-09-18 ~ 2026-09-25
  ↳ [最低價]: 台幣 $16,264(含稅) | (去) 長榮航空 BR 158 直達 AM 6:35 ~ AM 10:25 | (回) 長榮航空 BR 157 直達 AM 11:45 ~ PM 1:55 | [去程行李: 免費攜帶 1 件手提行李、第 1 件託運行李免費] [回程行李: 免費攜帶 1 件手提行李、第 1 件託運行李免費]
  ↳ [最佳方案]: 最佳方案與最低價相同
[2026-09-13 16:08:27][INFO] ✈️ 開始航線任務: TPE -> BUD (未來 5 天)
[2026-09-13 16:08:57][INFO] [1/5] TPE->BUD | 2026-09-14 ~ 2026-09-28
  ↳ [最低價]: 台幣 NT$0(含稅) | (去) 中國東方航空、上海航空 TK 125 轉機1次 PM 6:40 ~ AM 8:05 | (回) 上海航空、上海吉祥航空中國東方航空 FM 870 轉機1次 PM 12:30 ~ AM 11:00 | [去程行李: 行李額度未明] [回程行李: 行李額度未明]
  ↳ [最佳方案]: 台幣 $31,809(含稅) | (去) 土耳其航空 TK 125 轉機1次 AM 9:40 ~ AM 8:05 | (回) 土耳其航空 TK 1038 轉機1次 PM 8:35 ~ AM 8:05 | [去程行李: 免費攜帶 1 件手提行李、第 1 件託運行李免費] [回程行李: 免費攜帶 1 件手提行李、第 1 件託運行李免費]
[2026-09-13 16:09:28][INFO] [2/5] TPE->BUD | 2026-09-15 ~ 2026-09-29
  ↳ [最低價]: 台幣 $36,043(含稅) | (去) 阿聯酋航空澳洲航空 EK 367 轉機1次 PM 11:50 ~ PM 1:55 | (回) 阿聯酋航空 EK 112 轉機1次 PM 3:50 ~ PM 4:35 | [去程行李: 免費攜帶 1 件手提行李、可免費託運 2 件行李] [回程行李: 免費攜帶 1 件手提行李、可免費託運 2 件行李]
  ↳ [最佳方案]: 最佳方案與最低價相同
[2026-09-13 16:10:12][INFO] [3/5] TPE->BUD | 2026-09-16 ~ 2026-09-30
  ↳ [最低價]: 台幣 NT$0(含稅) | (去) 中國東方航空、上海航空 TG 635 轉機1次 PM 6:40 ~ AM 8:05 | (回) 上海航空、上海吉祥航空中國東方航空 FM 870 轉機1次 PM 12:30 ~ AM 11:00 | [去程行李: 行李額度未明] [回程行李: 行李額度未明]
  ↳ [最佳方案]: 台幣 $26,809(含稅) | (去) 土耳其航空 TK 125 轉機1次 AM 9:35 ~ PM 7:40 | (回) 土耳其航空 TK 1038 轉機1次 PM 8:35 ~ PM 5:55 | [去程行李: 免費攜帶 1 件手提行李、第 1 件託運行李免費] [回程行李: 免費攜帶 1 件手提行李、第 1 件託運行李免費]
[2026-09-13 16:10:53][INFO] [4/5] TPE->BUD | 2026-09-17 ~ 2026-10-01
  ↳ [最低價]: 台幣 NT$0(含稅) | (去) 中國國際航空 CA 190 轉機1次 PM 6:40 ~ AM 7:00 | (回) 中國國際航空 CA 720 轉機1次 PM 1:00 ~ AM 11:40 | [去程行李: 行李額度未明] [回程行李: 行李額度未明]
  ↳ [最佳方案]: 台幣 $38,693(含稅) | (去) 阿聯酋航空澳洲航空 EK 367 轉機1次 PM 11:50 ~ PM 1:55 | (回) 阿聯酋航空 EK 112 轉機1次 PM 3:50 ~ PM 9:40 | [去程行李: 免費攜帶 1 件手提行李、可免費託運 2 件行李] [回程行李: 免費攜帶 1 件手提行李、可免費託運 2 件行李]
[2026-09-13 16:11:35][INFO] [5/5] TPE->BUD | 2026-09-18 ~ 2026-10-02
  ↳ [最低價]: 台幣 NT$0(含稅) | (去) 中國東方航空、上海航空 TG 635 轉機1次 PM 6:40 ~ AM 8:05 | (回) 中華航空 FM 870 轉機1次 PM 12:30 ~ PM 2:05 | [去程行李: 行李額度未明] [回程行李: 行李額度未明]
  ↳ [最佳方案]: 台幣 $41,993(含稅) | (去) THAI、漢莎航空、Lufthansa City Airlines BKK素萬那普機場、MUC慕尼黑機場 來回票價 來回票價 TG 635 轉機2次 PM 6:50 ~ AM 8:30 | (回) 長榮航空 LH 1679 轉機2次 PM 5:30 ~ PM 5:05 | [去程行李: 免費攜帶 1 件手提行李、第 1 件託運行李免費] [回程行李: 免費攜帶 1 件手提行李、第 1 件託運行李免費]
[2026-09-13 16:11:43][INFO] 📁 JSON 歷史資料已追加擴充至: ./data\flights_history.json
[2026-09-13 16:11:43][INFO] 📊 CSV 歷史資料已追加擴充至: ./data\flights_history.csv
[2026-09-13 16:11:43][INFO] =================== 執行統計結果報告 ===================
[2026-09-13 16:11:43][INFO] 📊 總掃描筆數: 10 筆
[2026-09-13 16:11:43][INFO] ✅ 成功筆數: 10 筆
[2026-09-13 16:11:43][INFO] ❌ 失敗筆數: 0 筆
[2026-09-13 16:11:43][INFO] 📈 成功率: 100.00%
[2026-09-13 16:11:43][INFO] =======================================================
[2026-09-13 16:11:43][INFO] =================== 任務全部完成，引擎順利關閉 ===================
