[2026-08-31 15:26:46][INFO] =================== 啟動大規模機票自動監測引擎 ===================
[2026-08-31 15:26:47][INFO] ✈️ 開始航線任務: TPE -> NRT (未來 15 天)
[2026-08-31 15:26:58][INFO] [1/15] TPE->NRT | 2026-09-01 ~ 2026-09-08 最低價: 台幣 $10,928(含稅) | (去) 台灣虎航 IT 700 直達 PM 3:30 ~ PM 7:55 | (回) 台灣虎航 IT 201 直達 AM 11:50 ~ PM 2:40 | [去程行李: 免費攜帶 1 件手提行李、第 1 件託運行李須加收費用] [回程行李: 免費攜帶 1 件手提行李、第 1 件託運行李須加收費用]
[2026-08-31 15:27:20][INFO] [2/15] TPE->NRT | 2026-09-02 ~ 2026-09-09 最低價: 台幣 $8,154(含稅) | (去) 泰國獅航 SL 394 直達 PM 12:10 ~ PM 4:30 | (回) 捷星日本 GK 11 直達 PM 10:40 ~ AM 1:30 | [去程行李: 免費攜帶 1 件手提行李] [回程行李: 免費攜帶 1 件手提行李]
[2026-08-31 15:27:38][INFO] [3/15] TPE->NRT | 2026-09-03 ~ 2026-09-10 最低價: 台幣 $8,387(含稅) | (去) 酷航 TR 866 直達 AM 6:45 ~ AM 11:15 | (回) 酷航 TR 875 直達 PM 9:15 ~ PM 11:55 | [去程行李: 免費攜帶 1 件手提行李、第 1 件託運行李須加收費用] [回程行李: 免費攜帶 1 件手提行李、第 1 件託運行李須加收費用]
[2026-08-31 15:28:05][INFO] [4/15] TPE->NRT | 2026-09-04 ~ 2026-09-11 最低價: 台幣 $10,332(含稅) | (去) 泰國獅航 SL 394 直達 PM 12:10 ~ PM 4:30 | (回) 泰國獅航 SL 395 直達 PM 5:40 ~ PM 8:20 | [去程行李: 免費攜帶 1 件手提行李] [回程行李: 免費攜帶 1 件手提行李]
[2026-08-31 15:28:33][INFO] [5/15] TPE->NRT | 2026-09-05 ~ 2026-09-12 最低價: 台幣 $8,703(含稅) | (去) 泰國獅航 SL 394 直達 PM 12:10 ~ PM 4:30 | (回) 泰國獅航 SL 395 直達 PM 5:40 ~ PM 8:20 | [去程行李: 免費攜帶 1 件手提行李] [回程行李: 免費攜帶 1 件手提行李]
[2026-08-31 15:28:52][INFO] [6/15] TPE->NRT | 2026-09-06 ~ 2026-09-13 最低價: 台幣 $11,528(含稅) | (去) 台灣虎航 IT 200 直達 AM 6:35 ~ AM 11:00 | (回) 台灣虎航 IT 201 直達 AM 11:50 ~ PM 2:40 | [去程行李: 免費攜帶 1 件手提行李、第 1 件託運行李須加收費用] [回程行李: 免費攜帶 1 件手提行李、第 1 件託運行李須加收費用]
[2026-08-31 15:29:18][INFO] [7/15] TPE->NRT | 2026-09-07 ~ 2026-09-14 最低價: 台幣 $10,532(含稅) | (去) 泰國獅航 SL 394 直達 PM 12:10 ~ PM 4:30 | (回) 泰國獅航 SL 395 直達 PM 5:40 ~ PM 8:20 | [去程行李: 免費攜帶 1 件手提行李] [回程行李: 免費攜帶 1 件手提行李]
[2026-08-31 15:29:39][INFO] [8/15] TPE->NRT | 2026-09-08 ~ 2026-09-15 最低價: 台幣 $8,235(含稅) | (去) 酷航 TR 866 直達 AM 6:45 ~ AM 11:15 | (回) 捷星日本 GK 11 直達 PM 10:40 ~ AM 1:30 | [去程行李: 免費攜帶 1 件手提行李、第 1 件託運行李須加收費用] [回程行李: 免費攜帶 1 件手提行李、第 1 件託運行李須加收費用]
[2026-08-31 15:29:57][INFO] [9/15] TPE->NRT | 2026-09-09 ~ 2026-09-16 最低價: 台幣 $8,380(含稅) | (去) 酷航 TR 866 直達 AM 6:45 ~ AM 11:15 | (回) 酷航 TR 867 直達 PM 12:30 ~ PM 3:10 | [去程行李: 免費攜帶 1 件手提行李、第 1 件託運行李須加收費用] [回程行李: 免費攜帶 1 件手提行李、第 1 件託運行李須加收費用]
[2026-08-31 15:30:18][INFO] [10/15] TPE->NRT | 2026-09-10 ~ 2026-09-17 最低價: 台幣 $12,028(含稅) | (去) 台灣虎航 IT 200 直達 AM 6:35 ~ AM 11:00 | (回) 台灣虎航 IT 201 直達 AM 11:50 ~ PM 2:40 | [去程行李: 免費攜帶 1 件手提行李、第 1 件託運行李須加收費用] [回程行李: 免費攜帶 1 件手提行李、第 1 件託運行李須加收費用]
[2026-08-31 15:30:45][INFO] [11/15] TPE->NRT | 2026-09-11 ~ 2026-09-18 最低價: 台幣 $18,532(含稅) | (去) 泰國獅航 SL 394 直達 PM 12:10 ~ PM 4:30 | (回) 泰國獅航 SL 395 直達 PM 5:40 ~ PM 8:20 | [去程行李: 免費攜帶 1 件手提行李] [回程行李: 免費攜帶 1 件手提行李]
[2026-08-31 15:31:04][INFO] [12/15] TPE->NRT | 2026-09-12 ~ 2026-09-19 最低價: 台幣 $19,128(含稅) | (去) 台灣虎航 IT 200 直達 AM 6:35 ~ AM 11:00 | (回) 台灣虎航 IT 203 直達 PM 7:30 ~ PM 10:35 | [去程行李: 免費攜帶 1 件手提行李、第 1 件託運行李須加收費用] [回程行李: 免費攜帶 1 件手提行李、第 1 件託運行李須加收費用]
[2026-08-31 15:31:25][INFO] [13/15] TPE->NRT | 2026-09-13 ~ 2026-09-20 最低價: 台幣 $15,791(含稅) | (去) 國泰航空 CX 450 直達 PM 1:00 ~ PM 5:15 | (回) 國泰航空 CX 451 直達 PM 3:45 ~ PM 6:25 | [去程行李: 免費攜帶 1 件手提行李、第 1 件託運行李免費] [回程行李: 免費攜帶 1 件手提行李、第 1 件託運行李免費]
[2026-08-31 15:31:46][INFO] [14/15] TPE->NRT | 2026-09-14 ~ 2026-09-21 最低價: 台幣 $8,533(含稅) | (去) 酷航 TR 866 直達 AM 6:45 ~ AM 11:15 | (回) 捷星日本 GK 11 直達 PM 10:40 ~ AM 1:30 | [去程行李: 免費攜帶 1 件手提行李、第 1 件託運行李須加收費用] [回程行李: 免費攜帶 1 件手提行李、第 1 件託運行李須加收費用]
[2026-08-31 15:32:05][INFO] [15/15] TPE->NRT | 2026-09-15 ~ 2026-09-22 最低價: 台幣 $7,354(含稅) | (去) 台灣虎航 IT 200 直達 AM 6:35 ~ AM 11:00 | (回) 捷星日本 GK 11 直達 PM 10:40 ~ AM 1:30 | [去程行李: 免費攜帶 1 件手提行李、第 1 件託運行李須加收費用] [回程行李: 免費攜帶 1 件手提行李、第 1 件託運行李須加收費用]
[2026-08-31 15:32:05][INFO] ☕ 已達到批次大小 (15)，冷卻暫停 20 秒...
[2026-08-31 15:32:25][INFO] ✈️ 開始航線任務: TPE -> JFK (未來 15 天)
[2026-08-31 15:32:41][INFO] [1/15] TPE->JFK | 2026-09-01 ~ 2026-09-15 最低價: 台幣 $28,645(含稅) | (去) 達美航空 DL 68 轉機1次 AM 9:40 ~ PM 3:49 | (回) 達美航空 DL 1719 轉機1次 PM 12:00 ~ PM 7:55 | [去程行李: 免費攜帶 1 件手提行李、第 1 件託運行李免費] [回程行李: 免費攜帶 1 件手提行李、第 1 件託運行李免費]
[2026-08-31 15:33:02][INFO] [2/15] TPE->JFK | 2026-09-02 ~ 2026-09-16 最低價: 台幣 $28,645(含稅) | (去) 達美航空 DL 68 轉機1次 AM 9:35 ~ PM 3:49 | (回) 達美航空 DL 1719 轉機1次 PM 12:00 ~ PM 7:55 | [去程行李: 免費攜帶 1 件手提行李、第 1 件託運行李免費] [回程行李: 免費攜帶 1 件手提行李、第 1 件託運行李免費]
[2026-08-31 15:33:25][INFO] [3/15] TPE->JFK | 2026-09-03 ~ 2026-09-17 最低價: 台幣 $28,645(含稅) | (去) 達美航空 DL 68 轉機2次 AM 9:50 ~ PM 8:09 | (回) 達美航空 DL 699 轉機1次 AM 7:05 ~ PM 7:55 | [去程行李: 免費攜帶 1 件手提行李、第 1 件託運行李免費] [回程行李: 免費攜帶 1 件手提行李、第 1 件託運行李免費]
[2026-08-31 15:33:43][INFO] [4/15] TPE->JFK | 2026-09-04 ~ 2026-09-18 最低價: 台幣 $30,585(含稅) | (去) 達美航空 DL 68 轉機1次 AM 9:35 ~ PM 3:49 | (回) 達美航空 DL 1719 轉機1次 PM 12:00 ~ PM 7:55 | [去程行李: 免費攜帶 1 件手提行李、第 1 件託運行李免費] [回程行李: 免費攜帶 1 件手提行李、第 1 件託運行李免費]
[2026-08-31 15:34:01][INFO] [5/15] TPE->JFK | 2026-09-05 ~ 2026-09-19 最低價: 台幣 $43,496(含稅) | (去) 中華航空 CI 4 轉機1次 PM 11:30 ~ AM 7:19 | (回) 達美航空 DL 1719 轉機1次 PM 12:00 ~ PM 7:55 | [去程行李: 免費攜帶 1 件手提行李、可免費託運 2 件行李、第 1 件託運行李免費] [回程行李: 免費攜帶 1 件手提行李、可免費託運 2 件行李、第 1 件託運行李免費]
[2026-08-31 15:34:24][INFO] [6/15] TPE->JFK | 2026-09-06 ~ 2026-09-20 最低價: 台幣 $30,585(含稅) | (去) 達美航空 DL 68 轉機2次 AM 9:35 ~ PM 9:25 | (回) 達美航空 DL 1719 轉機1次 PM 12:00 ~ PM 7:55 | [去程行李: 免費攜帶 1 件手提行李、第 1 件託運行李免費] [回程行李: 免費攜帶 1 件手提行李、第 1 件託運行李免費]
[2026-08-31 15:34:43][INFO] [7/15] TPE->JFK | 2026-09-07 ~ 2026-09-21 最低價: 台幣 $28,645(含稅) | (去) 達美航空 DL 68 轉機1次 AM 9:35 ~ PM 3:49 | (回) 達美航空 DL 1719 轉機1次 PM 12:00 ~ PM 7:55 | [去程行李: 免費攜帶 1 件手提行李、第 1 件託運行李免費] [回程行李: 免費攜帶 1 件手提行李、第 1 件託運行李免費]
[2026-08-31 15:35:04][INFO] [8/15] TPE->JFK | 2026-09-08 ~ 2026-09-22 最低價: 台幣 $28,645(含稅) | (去) 達美航空 DL 68 轉機1次 AM 9:40 ~ AM 6:53 | (回) 達美航空 DL 1719 轉機1次 PM 12:00 ~ PM 7:55 | [去程行李: 免費攜帶 1 件手提行李、第 1 件託運行李免費] [回程行李: 免費攜帶 1 件手提行李、第 1 件託運行李免費]
[2026-08-31 15:35:26][INFO] [9/15] TPE->JFK | 2026-09-09 ~ 2026-09-23 最低價: 台幣 $30,456(含稅) | (去) 達美航空 DL 68 轉機1次 AM 9:35 ~ PM 3:45 | (回) 達美航空 DL 1719 轉機1次 PM 12:00 ~ PM 7:55 | [去程行李: 免費攜帶 1 件手提行李、第 1 件託運行李免費] [回程行李: 免費攜帶 1 件手提行李、第 1 件託運行李免費]
[2026-08-31 15:35:45][INFO] [10/15] TPE->JFK | 2026-09-10 ~ 2026-09-24 最低價: 台幣 $28,645(含稅) | (去) 達美航空 DL 68 轉機1次 AM 9:50 ~ PM 8:27 | (回) 達美航空 DL 1719 轉機1次 PM 12:00 ~ PM 7:55 | [去程行李: 免費攜帶 1 件手提行李、第 1 件託運行李免費] [回程行李: 免費攜帶 1 件手提行李、第 1 件託運行李免費]
[2026-08-31 15:36:06][INFO] [11/15] TPE->JFK | 2026-09-11 ~ 2026-09-25 最低價: 台幣 $30,585(含稅) | (去) 達美航空 DL 68 轉機1次 AM 9:35 ~ PM 3:45 | (回) 達美航空 DL 699 轉機1次 AM 7:05 ~ PM 7:55 | [去程行李: 免費攜帶 1 件手提行李、第 1 件託運行李免費] [回程行李: 免費攜帶 1 件手提行李、第 1 件託運行李免費]
[2026-08-31 15:36:26][INFO] [12/15] TPE->JFK | 2026-09-12 ~ 2026-09-26 最低價: 台幣 $32,396(含稅) | (去) 達美航空 DL 68 轉機1次 AM 9:40 ~ PM 3:45 | (回) 達美航空 DL 2414 轉機2次 PM 12:00 ~ PM 7:55 | [去程行李: 免費攜帶 1 件手提行李、第 1 件託運行李免費] [回程行李: 免費攜帶 1 件手提行李、第 1 件託運行李免費]
[2026-08-31 15:36:45][INFO] [13/15] TPE->JFK | 2026-09-13 ~ 2026-09-27 最低價: 台幣 $30,585(含稅) | (去) 達美航空 DL 68 轉機1次 AM 9:35 ~ PM 3:45 | (回) 達美航空 DL 1719 轉機1次 PM 12:00 ~ PM 7:55 | [去程行李: 免費攜帶 1 件手提行李、第 1 件託運行李免費] [回程行李: 免費攜帶 1 件手提行李、第 1 件託運行李免費]
[2026-08-31 15:37:05][INFO] [14/15] TPE->JFK | 2026-09-14 ~ 2026-09-28 最低價: 台幣 $28,645(含稅) | (去) 達美航空 DL 68 轉機2次 AM 9:35 ~ PM 9:18 | (回) 達美航空 DL 699 轉機1次 AM 7:05 ~ PM 7:55 | [去程行李: 免費攜帶 1 件手提行李、第 1 件託運行李免費] [回程行李: 免費攜帶 1 件手提行李、第 1 件託運行李免費]
[2026-08-31 15:37:28][INFO] [15/15] TPE->JFK | 2026-09-15 ~ 2026-09-29 最低價: 台幣 $28,645(含稅) | (去) 達美航空 DL 68 轉機1次 AM 9:40 ~ PM 3:45 | (回) 達美航空 DL 1719 轉機1次 PM 12:00 ~ PM 7:55 | [去程行李: 免費攜帶 1 件手提行李、第 1 件託運行李免費] [回程行李: 免費攜帶 1 件手提行李、第 1 件託運行李免費]
[2026-08-31 15:37:28][INFO] ☕ 已達到批次大小 (15)，冷卻暫停 20 秒...
[2026-08-31 15:37:48][INFO] 📁 JSON 資料已成功匯出至: ./data\flights_20260831_153748.json
[2026-08-31 15:37:48][INFO] 📊 CSV 資料已成功匯出至: ./data\flights_20260831_153748.csv
[2026-08-31 15:37:48][INFO] =================== 執行統計結果報告 ===================
[2026-08-31 15:37:48][INFO] 📊 總掃描筆數: 30 筆
[2026-08-31 15:37:48][INFO] ✅ 成功筆數: 30 筆
[2026-08-31 15:37:48][INFO] ❌ 失敗筆數: 0 筆
[2026-08-31 15:37:48][INFO] 📈 成功率: 100.00%
[2026-08-31 15:37:48][INFO] =======================================================
[2026-08-31 15:37:48][INFO] =================== 任務全部完成，引擎順利關閉 ===================
